// Vitest Snapshot v1, https://vitest.dev/guide/snapshot.html

exports[`<NgoCarouselDescription/> > Renders correctly 1`] = `
{
  "asFragment": [Function],
  "baseElement": <body>
    <div>
      <div
        class="rounded-[1.25rem] bg-[#f7f7f7] p-4 max-md:bg-white"
      >
        <div
          class="flex items-center gap-3"
        >
          <div
            class="relative h-16 w-16 shrink-0 overflow-hidden rounded-full bg-white max-md:h-11 max-md:w-11"
          >
            <img
              alt="UNICEF"
              class="object-cover"
              data-nimg="fill"
              decoding="async"
              loading="lazy"
              sizes="4rem 4rem"
              src="/_next/image?url=https%3A%2F%2Fi.pinimg.com%2F736x%2F50%2Fba%2F9f%2F50ba9f98aaf8f8ded4d576a6969668f0.jpg&w=3840&q=75"
              srcset="/_next/image?url=https%3A%2F%2Fi.pinimg.com%2F736x%2F50%2Fba%2F9f%2F50ba9f98aaf8f8ded4d576a6969668f0.jpg&w=16&q=75 16w, /_next/image?url=https%3A%2F%2Fi.pinimg.com%2F736x%2F50%2Fba%2F9f%2F50ba9f98aaf8f8ded4d576a6969668f0.jpg&w=32&q=75 32w, /_next/image?url=https%3A%2F%2Fi.pinimg.com%2F736x%2F50%2Fba%2F9f%2F50ba9f98aaf8f8ded4d576a6969668f0.jpg&w=48&q=75 48w, /_next/image?url=https%3A%2F%2Fi.pinimg.com%2F736x%2F50%2Fba%2F9f%2F50ba9f98aaf8f8ded4d576a6969668f0.jpg&w=64&q=75 64w, /_next/image?url=https%3A%2F%2Fi.pinimg.com%2F736x%2F50%2Fba%2F9f%2F50ba9f98aaf8f8ded4d576a6969668f0.jpg&w=96&q=75 96w, /_next/image?url=https%3A%2F%2Fi.pinimg.com%2F736x%2F50%2Fba%2F9f%2F50ba9f98aaf8f8ded4d576a6969668f0.jpg&w=128&q=75 128w, /_next/image?url=https%3A%2F%2Fi.pinimg.com%2F736x%2F50%2Fba%2F9f%2F50ba9f98aaf8f8ded4d576a6969668f0.jpg&w=256&q=75 256w, /_next/image?url=https%3A%2F%2Fi.pinimg.com%2F736x%2F50%2Fba%2F9f%2F50ba9f98aaf8f8ded4d576a6969668f0.jpg&w=384&q=75 384w, /_next/image?url=https%3A%2F%2Fi.pinimg.com%2F736x%2F50%2Fba%2F9f%2F50ba9f98aaf8f8ded4d576a6969668f0.jpg&w=640&q=75 640w, /_next/image?url=https%3A%2F%2Fi.pinimg.com%2F736x%2F50%2Fba%2F9f%2F50ba9f98aaf8f8ded4d576a6969668f0.jpg&w=750&q=75 750w, /_next/image?url=https%3A%2F%2Fi.pinimg.com%2F736x%2F50%2Fba%2F9f%2F50ba9f98aaf8f8ded4d576a6969668f0.jpg&w=828&q=75 828w, /_next/image?url=https%3A%2F%2Fi.pinimg.com%2F736x%2F50%2Fba%2F9f%2F50ba9f98aaf8f8ded4d576a6969668f0.jpg&w=1080&q=75 1080w, /_next/image?url=https%3A%2F%2Fi.pinimg.com%2F736x%2F50%2Fba%2F9f%2F50ba9f98aaf8f8ded4d576a6969668f0.jpg&w=1200&q=75 1200w, /_next/image?url=https%3A%2F%2Fi.pinimg.com%2F736x%2F50%2Fba%2F9f%2F50ba9f98aaf8f8ded4d576a6969668f0.jpg&w=1920&q=75 1920w, /_next/image?url=https%3A%2F%2Fi.pinimg.com%2F736x%2F50%2Fba%2F9f%2F50ba9f98aaf8f8ded4d576a6969668f0.jpg&w=2048&q=75 2048w, /_next/image?url=https%3A%2F%2Fi.pinimg.com%2F736x%2F50%2Fba%2F9f%2F50ba9f98aaf8f8ded4d576a6969668f0.jpg&w=3840&q=75 3840w"
              style="position: absolute; height: 100%; width: 100%; left: 0px; top: 0px; right: 0px; bottom: 0px; color: transparent;"
            />
          </div>
          <div
            class="grow"
          >
            <div
              class="flex items-center justify-between"
            >
              <h4
                class="text-xl max-md:text-base"
              >
                UNICEF
              </h4>
              <div
                class="text-lg font-semibold"
              >
                Total staked: 
                100
              </div>
            </div>
            <p
              class="mt-2 text-sm text-muted"
            >
              UNICEF works in over 190 countries and territories to save children's lives to defend their rights and to help them fulfil their potential from early childhood through adolescence. And we never give up.
            </p>
          </div>
        </div>
      </div>
    </div>
  </body>,
  "container": <div>
    <div
      class="rounded-[1.25rem] bg-[#f7f7f7] p-4 max-md:bg-white"
    >
      <div
        class="flex items-center gap-3"
      >
        <div
          class="relative h-16 w-16 shrink-0 overflow-hidden rounded-full bg-white max-md:h-11 max-md:w-11"
        >
          <img
            alt="UNICEF"
            class="object-cover"
            data-nimg="fill"
            decoding="async"
            loading="lazy"
            sizes="4rem 4rem"
            src="/_next/image?url=https%3A%2F%2Fi.pinimg.com%2F736x%2F50%2Fba%2F9f%2F50ba9f98aaf8f8ded4d576a6969668f0.jpg&w=3840&q=75"
            srcset="/_next/image?url=https%3A%2F%2Fi.pinimg.com%2F736x%2F50%2Fba%2F9f%2F50ba9f98aaf8f8ded4d576a6969668f0.jpg&w=16&q=75 16w, /_next/image?url=https%3A%2F%2Fi.pinimg.com%2F736x%2F50%2Fba%2F9f%2F50ba9f98aaf8f8ded4d576a6969668f0.jpg&w=32&q=75 32w, /_next/image?url=https%3A%2F%2Fi.pinimg.com%2F736x%2F50%2Fba%2F9f%2F50ba9f98aaf8f8ded4d576a6969668f0.jpg&w=48&q=75 48w, /_next/image?url=https%3A%2F%2Fi.pinimg.com%2F736x%2F50%2Fba%2F9f%2F50ba9f98aaf8f8ded4d576a6969668f0.jpg&w=64&q=75 64w, /_next/image?url=https%3A%2F%2Fi.pinimg.com%2F736x%2F50%2Fba%2F9f%2F50ba9f98aaf8f8ded4d576a6969668f0.jpg&w=96&q=75 96w, /_next/image?url=https%3A%2F%2Fi.pinimg.com%2F736x%2F50%2Fba%2F9f%2F50ba9f98aaf8f8ded4d576a6969668f0.jpg&w=128&q=75 128w, /_next/image?url=https%3A%2F%2Fi.pinimg.com%2F736x%2F50%2Fba%2F9f%2F50ba9f98aaf8f8ded4d576a6969668f0.jpg&w=256&q=75 256w, /_next/image?url=https%3A%2F%2Fi.pinimg.com%2F736x%2F50%2Fba%2F9f%2F50ba9f98aaf8f8ded4d576a6969668f0.jpg&w=384&q=75 384w, /_next/image?url=https%3A%2F%2Fi.pinimg.com%2F736x%2F50%2Fba%2F9f%2F50ba9f98aaf8f8ded4d576a6969668f0.jpg&w=640&q=75 640w, /_next/image?url=https%3A%2F%2Fi.pinimg.com%2F736x%2F50%2Fba%2F9f%2F50ba9f98aaf8f8ded4d576a6969668f0.jpg&w=750&q=75 750w, /_next/image?url=https%3A%2F%2Fi.pinimg.com%2F736x%2F50%2Fba%2F9f%2F50ba9f98aaf8f8ded4d576a6969668f0.jpg&w=828&q=75 828w, /_next/image?url=https%3A%2F%2Fi.pinimg.com%2F736x%2F50%2Fba%2F9f%2F50ba9f98aaf8f8ded4d576a6969668f0.jpg&w=1080&q=75 1080w, /_next/image?url=https%3A%2F%2Fi.pinimg.com%2F736x%2F50%2Fba%2F9f%2F50ba9f98aaf8f8ded4d576a6969668f0.jpg&w=1200&q=75 1200w, /_next/image?url=https%3A%2F%2Fi.pinimg.com%2F736x%2F50%2Fba%2F9f%2F50ba9f98aaf8f8ded4d576a6969668f0.jpg&w=1920&q=75 1920w, /_next/image?url=https%3A%2F%2Fi.pinimg.com%2F736x%2F50%2Fba%2F9f%2F50ba9f98aaf8f8ded4d576a6969668f0.jpg&w=2048&q=75 2048w, /_next/image?url=https%3A%2F%2Fi.pinimg.com%2F736x%2F50%2Fba%2F9f%2F50ba9f98aaf8f8ded4d576a6969668f0.jpg&w=3840&q=75 3840w"
            style="position: absolute; height: 100%; width: 100%; left: 0px; top: 0px; right: 0px; bottom: 0px; color: transparent;"
          />
        </div>
        <div
          class="grow"
        >
          <div
            class="flex items-center justify-between"
          >
            <h4
              class="text-xl max-md:text-base"
            >
              UNICEF
            </h4>
            <div
              class="text-lg font-semibold"
            >
              Total staked: 
              100
            </div>
          </div>
          <p
            class="mt-2 text-sm text-muted"
          >
            UNICEF works in over 190 countries and territories to save children's lives to defend their rights and to help them fulfil their potential from early childhood through adolescence. And we never give up.
          </p>
        </div>
      </div>
    </div>
  </div>,
  "debug": [Function],
  "findAllByAltText": [Function],
  "findAllByDisplayValue": [Function],
  "findAllByLabelText": [Function],
  "findAllByPlaceholderText": [Function],
  "findAllByRole": [Function],
  "findAllByTestId": [Function],
  "findAllByText": [Function],
  "findAllByTitle": [Function],
  "findByAltText": [Function],
  "findByDisplayValue": [Function],
  "findByLabelText": [Function],
  "findByPlaceholderText": [Function],
  "findByRole": [Function],
  "findByTestId": [Function],
  "findByText": [Function],
  "findByTitle": [Function],
  "getAllByAltText": [Function],
  "getAllByDisplayValue": [Function],
  "getAllByLabelText": [Function],
  "getAllByPlaceholderText": [Function],
  "getAllByRole": [Function],
  "getAllByTestId": [Function],
  "getAllByText": [Function],
  "getAllByTitle": [Function],
  "getByAltText": [Function],
  "getByDisplayValue": [Function],
  "getByLabelText": [Function],
  "getByPlaceholderText": [Function],
  "getByRole": [Function],
  "getByTestId": [Function],
  "getByText": [Function],
  "getByTitle": [Function],
  "queryAllByAltText": [Function],
  "queryAllByDisplayValue": [Function],
  "queryAllByLabelText": [Function],
  "queryAllByPlaceholderText": [Function],
  "queryAllByRole": [Function],
  "queryAllByTestId": [Function],
  "queryAllByText": [Function],
  "queryAllByTitle": [Function],
  "queryByAltText": [Function],
  "queryByDisplayValue": [Function],
  "queryByLabelText": [Function],
  "queryByPlaceholderText": [Function],
  "queryByRole": [Function],
  "queryByTestId": [Function],
  "queryByText": [Function],
  "queryByTitle": [Function],
  "rerender": [Function],
  "unmount": [Function],
}
`;
