// Vitest Snapshot v1, https://vitest.dev/guide/snapshot.html

exports[`<RewardMobileRow/> > Renders correctly 1`] = `
{
  "asFragment": [Function],
  "baseElement": <body>
    <div>
      <div
        class="rounded-3xl bg-white p-4"
      >
        <div
          class="flex items-center justify-between"
        >
          <img
            alt="Unknown"
            class="h-6 w-6 rounded-full"
            src=""
          />
          <div
            class="text-sm text-muted"
          >
            05/05/2024
          </div>
        </div>
        <div
          class="mt-2 flex items-center justify-between"
        >
          <h4
            class="font-bold"
          >
            Unknown
          </h4>
          <div
            class="font-semibold"
          >
            #
            1
          </div>
        </div>
        <div
          class="mt-6 grid grid-cols-2 gap-y-4"
        >
          <div
            class="truncate"
          >
            <p
              class="font-semibold max-md:text-sm max-md:font-normal"
            >
              Staked amount
            </p>
            <span
              class="mt-2 text-2xl font-bold max-md:text-base"
            >
              0.01 stETH
            </span>
          </div>
          <div
            class="truncate"
          >
            <p
              class="font-semibold max-md:text-sm max-md:font-normal"
            >
              Your profit
            </p>
            <span
              class="mt-2 text-2xl font-bold max-md:text-base"
            >
              0.00000019 stETH
            </span>
          </div>
          <div
            class="truncate"
          >
            <p
              class="font-semibold max-md:text-sm max-md:font-normal"
            >
              Donation
            </p>
            <span
              class="mt-2 text-2xl font-bold max-md:text-base"
            >
              0.000000049 stETH
            </span>
          </div>
          <div
            class="truncate"
          >
            <p
              class="font-semibold max-md:text-sm max-md:font-normal"
            >
              Service fee
            </p>
            <span
              class="mt-2 text-2xl font-bold max-md:text-base"
            >
              0.0000000013 stETH
            </span>
          </div>
        </div>
      </div>
    </div>
  </body>,
  "container": <div>
    <div
      class="rounded-3xl bg-white p-4"
    >
      <div
        class="flex items-center justify-between"
      >
        <img
          alt="Unknown"
          class="h-6 w-6 rounded-full"
          src=""
        />
        <div
          class="text-sm text-muted"
        >
          05/05/2024
        </div>
      </div>
      <div
        class="mt-2 flex items-center justify-between"
      >
        <h4
          class="font-bold"
        >
          Unknown
        </h4>
        <div
          class="font-semibold"
        >
          #
          1
        </div>
      </div>
      <div
        class="mt-6 grid grid-cols-2 gap-y-4"
      >
        <div
          class="truncate"
        >
          <p
            class="font-semibold max-md:text-sm max-md:font-normal"
          >
            Staked amount
          </p>
          <span
            class="mt-2 text-2xl font-bold max-md:text-base"
          >
            0.01 stETH
          </span>
        </div>
        <div
          class="truncate"
        >
          <p
            class="font-semibold max-md:text-sm max-md:font-normal"
          >
            Your profit
          </p>
          <span
            class="mt-2 text-2xl font-bold max-md:text-base"
          >
            0.00000019 stETH
          </span>
        </div>
        <div
          class="truncate"
        >
          <p
            class="font-semibold max-md:text-sm max-md:font-normal"
          >
            Donation
          </p>
          <span
            class="mt-2 text-2xl font-bold max-md:text-base"
          >
            0.000000049 stETH
          </span>
        </div>
        <div
          class="truncate"
        >
          <p
            class="font-semibold max-md:text-sm max-md:font-normal"
          >
            Service fee
          </p>
          <span
            class="mt-2 text-2xl font-bold max-md:text-base"
          >
            0.0000000013 stETH
          </span>
        </div>
      </div>
    </div>
  </div>,
  "debug": [Function],
  "findAllByAltText": [Function],
  "findAllByDisplayValue": [Function],
  "findAllByLabelText": [Function],
  "findAllByPlaceholderText": [Function],
  "findAllByRole": [Function],
  "findAllByTestId": [Function],
  "findAllByText": [Function],
  "findAllByTitle": [Function],
  "findByAltText": [Function],
  "findByDisplayValue": [Function],
  "findByLabelText": [Function],
  "findByPlaceholderText": [Function],
  "findByRole": [Function],
  "findByTestId": [Function],
  "findByText": [Function],
  "findByTitle": [Function],
  "getAllByAltText": [Function],
  "getAllByDisplayValue": [Function],
  "getAllByLabelText": [Function],
  "getAllByPlaceholderText": [Function],
  "getAllByRole": [Function],
  "getAllByTestId": [Function],
  "getAllByText": [Function],
  "getAllByTitle": [Function],
  "getByAltText": [Function],
  "getByDisplayValue": [Function],
  "getByLabelText": [Function],
  "getByPlaceholderText": [Function],
  "getByRole": [Function],
  "getByTestId": [Function],
  "getByText": [Function],
  "getByTitle": [Function],
  "queryAllByAltText": [Function],
  "queryAllByDisplayValue": [Function],
  "queryAllByLabelText": [Function],
  "queryAllByPlaceholderText": [Function],
  "queryAllByRole": [Function],
  "queryAllByTestId": [Function],
  "queryAllByText": [Function],
  "queryAllByTitle": [Function],
  "queryByAltText": [Function],
  "queryByDisplayValue": [Function],
  "queryByLabelText": [Function],
  "queryByPlaceholderText": [Function],
  "queryByRole": [Function],
  "queryByTestId": [Function],
  "queryByText": [Function],
  "queryByTitle": [Function],
  "rerender": [Function],
  "unmount": [Function],
}
`;
