// Vitest Snapshot v1, https://vitest.dev/guide/snapshot.html

exports[`<NgoCarouselCard/> > Renders correctly 1`] = `
{
  "asFragment": [Function],
  "baseElement": <body>
    <div>
      <div
        class="rounded-[1.25rem] bg-[#f7f7f7] p-4 max-md:bg-white"
      >
        <div
          class="mt-5 grid grid-cols-2 gap-x-12 gap-y-4 max-md:mt-4 max-md:flex-col max-md:gap-x-4 max-md:gap-y-2"
        >
          <div
            class="flex flex-col"
          >
            <div
              class="flex items-center font-bold text-3xl"
            >
              Stake #
              1
            </div>
            <div
              class="flex items-center"
            >
              Stake Id: 
              6
            </div>
          </div>
          <div
            class="truncate"
          >
            <p
              class="font-semibold max-md:text-sm max-md:font-normal"
            >
              Total donation
            </p>
            <span
              class="mt-2 text-2xl font-bold max-md:text-base"
            >
              0 stETH
            </span>
          </div>
          <div
            class="truncate"
          >
            <p
              class="font-semibold max-md:text-sm max-md:font-normal"
            >
              Donation percent
            </p>
            <span
              class="mt-2 text-2xl font-bold max-md:text-base"
            >
              1%
            </span>
          </div>
          <div
            class="truncate"
          >
            <p
              class="font-semibold max-md:text-sm max-md:font-normal"
            >
              Stake balance
            </p>
            <span
              class="mt-2 text-2xl font-bold max-md:text-base"
            >
              0.0001 stETH
            </span>
          </div>
        </div>
      </div>
    </div>
  </body>,
  "container": <div>
    <div
      class="rounded-[1.25rem] bg-[#f7f7f7] p-4 max-md:bg-white"
    >
      <div
        class="mt-5 grid grid-cols-2 gap-x-12 gap-y-4 max-md:mt-4 max-md:flex-col max-md:gap-x-4 max-md:gap-y-2"
      >
        <div
          class="flex flex-col"
        >
          <div
            class="flex items-center font-bold text-3xl"
          >
            Stake #
            1
          </div>
          <div
            class="flex items-center"
          >
            Stake Id: 
            6
          </div>
        </div>
        <div
          class="truncate"
        >
          <p
            class="font-semibold max-md:text-sm max-md:font-normal"
          >
            Total donation
          </p>
          <span
            class="mt-2 text-2xl font-bold max-md:text-base"
          >
            0 stETH
          </span>
        </div>
        <div
          class="truncate"
        >
          <p
            class="font-semibold max-md:text-sm max-md:font-normal"
          >
            Donation percent
          </p>
          <span
            class="mt-2 text-2xl font-bold max-md:text-base"
          >
            1%
          </span>
        </div>
        <div
          class="truncate"
        >
          <p
            class="font-semibold max-md:text-sm max-md:font-normal"
          >
            Stake balance
          </p>
          <span
            class="mt-2 text-2xl font-bold max-md:text-base"
          >
            0.0001 stETH
          </span>
        </div>
      </div>
    </div>
  </div>,
  "debug": [Function],
  "findAllByAltText": [Function],
  "findAllByDisplayValue": [Function],
  "findAllByLabelText": [Function],
  "findAllByPlaceholderText": [Function],
  "findAllByRole": [Function],
  "findAllByTestId": [Function],
  "findAllByText": [Function],
  "findAllByTitle": [Function],
  "findByAltText": [Function],
  "findByDisplayValue": [Function],
  "findByLabelText": [Function],
  "findByPlaceholderText": [Function],
  "findByRole": [Function],
  "findByTestId": [Function],
  "findByText": [Function],
  "findByTitle": [Function],
  "getAllByAltText": [Function],
  "getAllByDisplayValue": [Function],
  "getAllByLabelText": [Function],
  "getAllByPlaceholderText": [Function],
  "getAllByRole": [Function],
  "getAllByTestId": [Function],
  "getAllByText": [Function],
  "getAllByTitle": [Function],
  "getByAltText": [Function],
  "getByDisplayValue": [Function],
  "getByLabelText": [Function],
  "getByPlaceholderText": [Function],
  "getByRole": [Function],
  "getByTestId": [Function],
  "getByText": [Function],
  "getByTitle": [Function],
  "queryAllByAltText": [Function],
  "queryAllByDisplayValue": [Function],
  "queryAllByLabelText": [Function],
  "queryAllByPlaceholderText": [Function],
  "queryAllByRole": [Function],
  "queryAllByTestId": [Function],
  "queryAllByText": [Function],
  "queryAllByTitle": [Function],
  "queryByAltText": [Function],
  "queryByDisplayValue": [Function],
  "queryByLabelText": [Function],
  "queryByPlaceholderText": [Function],
  "queryByRole": [Function],
  "queryByTestId": [Function],
  "queryByText": [Function],
  "queryByTitle": [Function],
  "rerender": [Function],
  "unmount": [Function],
}
`;
