// Vitest Snapshot v1, https://vitest.dev/guide/snapshot.html

exports[`<RewardRow/> > Renders correctly 1`] = `
{
  "asFragment": [Function],
  "baseElement": <body>
    <div>
      <tr
        class="tableRow"
      >
        <td>
          #
          1
        </td>
        <td
          class="truncate text-center"
        >
          0
        </td>
        <td>
          0.01
           stETH
        </td>
        <td
          class="truncate"
          title="1.9e-7 stETH"
        >
          0.00000019
           stETH
        </td>
        <td>
          <div
            class="flex items-center gap-3"
            title="Unknown"
          >
            <img
              alt="Unknown"
              class="h-6 w-6 rounded-full"
              src=""
            />
            <span
              class="max-w-[15rem] truncate"
            >
              Unknown
            </span>
          </div>
        </td>
        <td
          class="truncate"
          title="4.9e-8 stETH"
        >
          0.000000049
           stETH
        </td>
        <td
          class="truncate"
          title="1.299552152886571e-9 stETH"
        >
          0.0000000013
           stETH
        </td>
        <td
          class="text-muted"
        >
          05/05/2024
        </td>
      </tr>
    </div>
  </body>,
  "container": <div>
    <tr
      class="tableRow"
    >
      <td>
        #
        1
      </td>
      <td
        class="truncate text-center"
      >
        0
      </td>
      <td>
        0.01
         stETH
      </td>
      <td
        class="truncate"
        title="1.9e-7 stETH"
      >
        0.00000019
         stETH
      </td>
      <td>
        <div
          class="flex items-center gap-3"
          title="Unknown"
        >
          <img
            alt="Unknown"
            class="h-6 w-6 rounded-full"
            src=""
          />
          <span
            class="max-w-[15rem] truncate"
          >
            Unknown
          </span>
        </div>
      </td>
      <td
        class="truncate"
        title="4.9e-8 stETH"
      >
        0.000000049
         stETH
      </td>
      <td
        class="truncate"
        title="1.299552152886571e-9 stETH"
      >
        0.0000000013
         stETH
      </td>
      <td
        class="text-muted"
      >
        05/05/2024
      </td>
    </tr>
  </div>,
  "debug": [Function],
  "findAllByAltText": [Function],
  "findAllByDisplayValue": [Function],
  "findAllByLabelText": [Function],
  "findAllByPlaceholderText": [Function],
  "findAllByRole": [Function],
  "findAllByTestId": [Function],
  "findAllByText": [Function],
  "findAllByTitle": [Function],
  "findByAltText": [Function],
  "findByDisplayValue": [Function],
  "findByLabelText": [Function],
  "findByPlaceholderText": [Function],
  "findByRole": [Function],
  "findByTestId": [Function],
  "findByText": [Function],
  "findByTitle": [Function],
  "getAllByAltText": [Function],
  "getAllByDisplayValue": [Function],
  "getAllByLabelText": [Function],
  "getAllByPlaceholderText": [Function],
  "getAllByRole": [Function],
  "getAllByTestId": [Function],
  "getAllByText": [Function],
  "getAllByTitle": [Function],
  "getByAltText": [Function],
  "getByDisplayValue": [Function],
  "getByLabelText": [Function],
  "getByPlaceholderText": [Function],
  "getByRole": [Function],
  "getByTestId": [Function],
  "getByText": [Function],
  "getByTitle": [Function],
  "queryAllByAltText": [Function],
  "queryAllByDisplayValue": [Function],
  "queryAllByLabelText": [Function],
  "queryAllByPlaceholderText": [Function],
  "queryAllByRole": [Function],
  "queryAllByTestId": [Function],
  "queryAllByText": [Function],
  "queryAllByTitle": [Function],
  "queryByAltText": [Function],
  "queryByDisplayValue": [Function],
  "queryByLabelText": [Function],
  "queryByPlaceholderText": [Function],
  "queryByRole": [Function],
  "queryByTestId": [Function],
  "queryByText": [Function],
  "queryByTitle": [Function],
  "rerender": [Function],
  "unmount": [Function],
}
`;
