// Vitest Snapshot v1, https://vitest.dev/guide/snapshot.html

exports[`<InfoCard/> > Renders correctly 1`] = `
{
  "asFragment": [Function],
  "baseElement": <body>
    <div>
      <article
        class="flex rounded-[1.25rem] bg-white px-4 py-8 justify-between gap-4 max-md:p-4"
      >
        <div
          class="flex w-full flex-col justify-end space-y-6"
        >
          <div
            class="truncate"
          >
            <p
              class="font-semibold max-md:text-sm max-md:font-normal"
            >
              Amount staked
            </p>
            <span
              class="mt-2 text-2xl font-bold max-md:text-base"
            >
              10 stEth
            </span>
          </div>
          <div
            class="truncate"
          >
            <p
              class="font-semibold max-md:text-sm max-md:font-normal"
            >
              Percentage of staking rewards donated
            </p>
            <span
              class="mt-2 text-2xl font-bold max-md:text-base"
            >
              17 %
            </span>
          </div>
        </div>
      </article>
    </div>
  </body>,
  "container": <div>
    <article
      class="flex rounded-[1.25rem] bg-white px-4 py-8 justify-between gap-4 max-md:p-4"
    >
      <div
        class="flex w-full flex-col justify-end space-y-6"
      >
        <div
          class="truncate"
        >
          <p
            class="font-semibold max-md:text-sm max-md:font-normal"
          >
            Amount staked
          </p>
          <span
            class="mt-2 text-2xl font-bold max-md:text-base"
          >
            10 stEth
          </span>
        </div>
        <div
          class="truncate"
        >
          <p
            class="font-semibold max-md:text-sm max-md:font-normal"
          >
            Percentage of staking rewards donated
          </p>
          <span
            class="mt-2 text-2xl font-bold max-md:text-base"
          >
            17 %
          </span>
        </div>
      </div>
    </article>
  </div>,
  "debug": [Function],
  "findAllByAltText": [Function],
  "findAllByDisplayValue": [Function],
  "findAllByLabelText": [Function],
  "findAllByPlaceholderText": [Function],
  "findAllByRole": [Function],
  "findAllByTestId": [Function],
  "findAllByText": [Function],
  "findAllByTitle": [Function],
  "findByAltText": [Function],
  "findByDisplayValue": [Function],
  "findByLabelText": [Function],
  "findByPlaceholderText": [Function],
  "findByRole": [Function],
  "findByTestId": [Function],
  "findByText": [Function],
  "findByTitle": [Function],
  "getAllByAltText": [Function],
  "getAllByDisplayValue": [Function],
  "getAllByLabelText": [Function],
  "getAllByPlaceholderText": [Function],
  "getAllByRole": [Function],
  "getAllByTestId": [Function],
  "getAllByText": [Function],
  "getAllByTitle": [Function],
  "getByAltText": [Function],
  "getByDisplayValue": [Function],
  "getByLabelText": [Function],
  "getByPlaceholderText": [Function],
  "getByRole": [Function],
  "getByTestId": [Function],
  "getByText": [Function],
  "getByTitle": [Function],
  "queryAllByAltText": [Function],
  "queryAllByDisplayValue": [Function],
  "queryAllByLabelText": [Function],
  "queryAllByPlaceholderText": [Function],
  "queryAllByRole": [Function],
  "queryAllByTestId": [Function],
  "queryAllByText": [Function],
  "queryAllByTitle": [Function],
  "queryByAltText": [Function],
  "queryByDisplayValue": [Function],
  "queryByLabelText": [Function],
  "queryByPlaceholderText": [Function],
  "queryByRole": [Function],
  "queryByTestId": [Function],
  "queryByText": [Function],
  "queryByTitle": [Function],
  "rerender": [Function],
  "unmount": [Function],
}
`;
