// Vitest Snapshot v1, https://vitest.dev/guide/snapshot.html

exports[`<SectionCover/> > Renders correctly 1`] = `
{
  "asFragment": [Function],
  "baseElement": <body>
    <div>
      <div
        class="relative h-full cursor-pointer overflow-hidden rounded-4xl p-6 w-full"
        id="2"
      >
        <div
          class="relative z-10"
          style="color: rgb(0, 0, 0);"
        >
          <h3
            class="h3"
          >
            Impact staking
          </h3>
          <p
            class="mt-2 text-base font-bold"
          />
        </div>
        <img
          alt="cover"
          class="absolute bottom-0 left-16 z-10 aspect-square w-[31.25rem]"
        />
        <svg
          class="absolute -bottom-5 -right-5 z-0 fill-primary"
          height="20"
          width="20"
        >
          <circle
            cx="10"
            cy="10"
            r="10"
          />
        </svg>
      </div>
    </div>
  </body>,
  "container": <div>
    <div
      class="relative h-full cursor-pointer overflow-hidden rounded-4xl p-6 w-full"
      id="2"
    >
      <div
        class="relative z-10"
        style="color: rgb(0, 0, 0);"
      >
        <h3
          class="h3"
        >
          Impact staking
        </h3>
        <p
          class="mt-2 text-base font-bold"
        />
      </div>
      <img
        alt="cover"
        class="absolute bottom-0 left-16 z-10 aspect-square w-[31.25rem]"
      />
      <svg
        class="absolute -bottom-5 -right-5 z-0 fill-primary"
        height="20"
        width="20"
      >
        <circle
          cx="10"
          cy="10"
          r="10"
        />
      </svg>
    </div>
  </div>,
  "debug": [Function],
  "findAllByAltText": [Function],
  "findAllByDisplayValue": [Function],
  "findAllByLabelText": [Function],
  "findAllByPlaceholderText": [Function],
  "findAllByRole": [Function],
  "findAllByTestId": [Function],
  "findAllByText": [Function],
  "findAllByTitle": [Function],
  "findByAltText": [Function],
  "findByDisplayValue": [Function],
  "findByLabelText": [Function],
  "findByPlaceholderText": [Function],
  "findByRole": [Function],
  "findByTestId": [Function],
  "findByText": [Function],
  "findByTitle": [Function],
  "getAllByAltText": [Function],
  "getAllByDisplayValue": [Function],
  "getAllByLabelText": [Function],
  "getAllByPlaceholderText": [Function],
  "getAllByRole": [Function],
  "getAllByTestId": [Function],
  "getAllByText": [Function],
  "getAllByTitle": [Function],
  "getByAltText": [Function],
  "getByDisplayValue": [Function],
  "getByLabelText": [Function],
  "getByPlaceholderText": [Function],
  "getByRole": [Function],
  "getByTestId": [Function],
  "getByText": [Function],
  "getByTitle": [Function],
  "queryAllByAltText": [Function],
  "queryAllByDisplayValue": [Function],
  "queryAllByLabelText": [Function],
  "queryAllByPlaceholderText": [Function],
  "queryAllByRole": [Function],
  "queryAllByTestId": [Function],
  "queryAllByText": [Function],
  "queryAllByTitle": [Function],
  "queryByAltText": [Function],
  "queryByDisplayValue": [Function],
  "queryByLabelText": [Function],
  "queryByPlaceholderText": [Function],
  "queryByRole": [Function],
  "queryByTestId": [Function],
  "queryByText": [Function],
  "queryByTitle": [Function],
  "rerender": [Function],
  "unmount": [Function],
}
`;
