// Vitest Snapshot v1, https://vitest.dev/guide/snapshot.html

exports[`<SocialImpactCard/> > Renders correctly 1`] = `
{
  "asFragment": [Function],
  "baseElement": <body>
    <div>
      <div
        class="flex h-full flex-col rounded-3xl bg-white p-3 md:pb-4"
      >
        <div
          class="relative h-[18.75rem] w-full overflow-hidden rounded-[1.25rem] max-md:h-[15rem]"
        >
          <img
            alt="Social impact image"
            class="object-scale-down"
            data-nimg="fill"
            decoding="async"
            fetchpriority="high"
            sizes="25rem, 18.75rem"
            src="/_next/image?url=https%3A%2F%2Fi.pinimg.com%2F736x%2F50%2Fba%2F9f%2F50ba9f98aaf8f8ded4d576a6969668f0.jpg&w=3840&q=75"
            srcset="/_next/image?url=https%3A%2F%2Fi.pinimg.com%2F736x%2F50%2Fba%2F9f%2F50ba9f98aaf8f8ded4d576a6969668f0.jpg&w=16&q=75 16w, /_next/image?url=https%3A%2F%2Fi.pinimg.com%2F736x%2F50%2Fba%2F9f%2F50ba9f98aaf8f8ded4d576a6969668f0.jpg&w=32&q=75 32w, /_next/image?url=https%3A%2F%2Fi.pinimg.com%2F736x%2F50%2Fba%2F9f%2F50ba9f98aaf8f8ded4d576a6969668f0.jpg&w=48&q=75 48w, /_next/image?url=https%3A%2F%2Fi.pinimg.com%2F736x%2F50%2Fba%2F9f%2F50ba9f98aaf8f8ded4d576a6969668f0.jpg&w=64&q=75 64w, /_next/image?url=https%3A%2F%2Fi.pinimg.com%2F736x%2F50%2Fba%2F9f%2F50ba9f98aaf8f8ded4d576a6969668f0.jpg&w=96&q=75 96w, /_next/image?url=https%3A%2F%2Fi.pinimg.com%2F736x%2F50%2Fba%2F9f%2F50ba9f98aaf8f8ded4d576a6969668f0.jpg&w=128&q=75 128w, /_next/image?url=https%3A%2F%2Fi.pinimg.com%2F736x%2F50%2Fba%2F9f%2F50ba9f98aaf8f8ded4d576a6969668f0.jpg&w=256&q=75 256w, /_next/image?url=https%3A%2F%2Fi.pinimg.com%2F736x%2F50%2Fba%2F9f%2F50ba9f98aaf8f8ded4d576a6969668f0.jpg&w=384&q=75 384w, /_next/image?url=https%3A%2F%2Fi.pinimg.com%2F736x%2F50%2Fba%2F9f%2F50ba9f98aaf8f8ded4d576a6969668f0.jpg&w=640&q=75 640w, /_next/image?url=https%3A%2F%2Fi.pinimg.com%2F736x%2F50%2Fba%2F9f%2F50ba9f98aaf8f8ded4d576a6969668f0.jpg&w=750&q=75 750w, /_next/image?url=https%3A%2F%2Fi.pinimg.com%2F736x%2F50%2Fba%2F9f%2F50ba9f98aaf8f8ded4d576a6969668f0.jpg&w=828&q=75 828w, /_next/image?url=https%3A%2F%2Fi.pinimg.com%2F736x%2F50%2Fba%2F9f%2F50ba9f98aaf8f8ded4d576a6969668f0.jpg&w=1080&q=75 1080w, /_next/image?url=https%3A%2F%2Fi.pinimg.com%2F736x%2F50%2Fba%2F9f%2F50ba9f98aaf8f8ded4d576a6969668f0.jpg&w=1200&q=75 1200w, /_next/image?url=https%3A%2F%2Fi.pinimg.com%2F736x%2F50%2Fba%2F9f%2F50ba9f98aaf8f8ded4d576a6969668f0.jpg&w=1920&q=75 1920w, /_next/image?url=https%3A%2F%2Fi.pinimg.com%2F736x%2F50%2Fba%2F9f%2F50ba9f98aaf8f8ded4d576a6969668f0.jpg&w=2048&q=75 2048w, /_next/image?url=https%3A%2F%2Fi.pinimg.com%2F736x%2F50%2Fba%2F9f%2F50ba9f98aaf8f8ded4d576a6969668f0.jpg&w=3840&q=75 3840w"
            style="position: absolute; height: 100%; width: 100%; left: 0px; top: 0px; right: 0px; bottom: 0px; color: transparent;"
          />
          <div
            class="absolute right-3 top-3 flex items-center gap-3"
          >
            <a
              class="flex h-12 w-12 items-center justify-center rounded-full border-none bg-white p-3"
              href="https://holesky.etherscan.io/address/0x30de5ffc4be9864506336bc908481470611a6d93"
              rel="noreferrer"
              target="_blank"
            />
            <a
              class="flex h-12 w-12 items-center justify-center rounded-full border-none bg-white p-3"
              href="https://www.unicef.org/"
              rel="noreferrer"
              target="_blank"
            />
          </div>
        </div>
        <div
          class="mb-5 mt-6 max-md:mt-4"
        >
          <h3
            class="h3"
          >
            UNICEF
          </h3>
          <div
            class="mt-2 flex items-center gap-1 max-md:text-sm"
          >
            <span
              class="label-2 text-black/80"
            >
              United Kingdom
            </span>
          </div>
          <p
            class="mt-3 text-base text-muted max-md:text-sm"
          >
            UNICEF works in over 190 countries and territories to save children's lives to defend their rights and to help them fulfil their potential from early childhood through adolescence. And we never give up.
          </p>
        </div>
        <div
          class="mt-auto flex items-center justify-between rounded-sl bg-primary/20 pr-3 max-md:mt-4"
        >
          <a
            class="rounded-sl px-12 py-5 text-base transition-colors cursor-pointer font-semibold uppercase no-underline max-md:px-6 max-md:text-sm disabled:cursor-not-allowed bg-primary text-white border-none hover:bg-primary/90 disabled:bg-primary/70 max-md:py-4"
            href="/staking?ngo=1"
            id="stakeNDonateBtn1"
          >
            stake&donate
          </a>
          <div
            class="ml-1 flex grow items-center justify-center gap-1 text-base max-md:text-sm"
          >
            <span
              class="text-primary/50"
            >
              Total staked:
            </span>
            <span
              class="font-semibold text-primary"
            >
              0.0364
               stETH
            </span>
          </div>
        </div>
      </div>
    </div>
  </body>,
  "container": <div>
    <div
      class="flex h-full flex-col rounded-3xl bg-white p-3 md:pb-4"
    >
      <div
        class="relative h-[18.75rem] w-full overflow-hidden rounded-[1.25rem] max-md:h-[15rem]"
      >
        <img
          alt="Social impact image"
          class="object-scale-down"
          data-nimg="fill"
          decoding="async"
          fetchpriority="high"
          sizes="25rem, 18.75rem"
          src="/_next/image?url=https%3A%2F%2Fi.pinimg.com%2F736x%2F50%2Fba%2F9f%2F50ba9f98aaf8f8ded4d576a6969668f0.jpg&w=3840&q=75"
          srcset="/_next/image?url=https%3A%2F%2Fi.pinimg.com%2F736x%2F50%2Fba%2F9f%2F50ba9f98aaf8f8ded4d576a6969668f0.jpg&w=16&q=75 16w, /_next/image?url=https%3A%2F%2Fi.pinimg.com%2F736x%2F50%2Fba%2F9f%2F50ba9f98aaf8f8ded4d576a6969668f0.jpg&w=32&q=75 32w, /_next/image?url=https%3A%2F%2Fi.pinimg.com%2F736x%2F50%2Fba%2F9f%2F50ba9f98aaf8f8ded4d576a6969668f0.jpg&w=48&q=75 48w, /_next/image?url=https%3A%2F%2Fi.pinimg.com%2F736x%2F50%2Fba%2F9f%2F50ba9f98aaf8f8ded4d576a6969668f0.jpg&w=64&q=75 64w, /_next/image?url=https%3A%2F%2Fi.pinimg.com%2F736x%2F50%2Fba%2F9f%2F50ba9f98aaf8f8ded4d576a6969668f0.jpg&w=96&q=75 96w, /_next/image?url=https%3A%2F%2Fi.pinimg.com%2F736x%2F50%2Fba%2F9f%2F50ba9f98aaf8f8ded4d576a6969668f0.jpg&w=128&q=75 128w, /_next/image?url=https%3A%2F%2Fi.pinimg.com%2F736x%2F50%2Fba%2F9f%2F50ba9f98aaf8f8ded4d576a6969668f0.jpg&w=256&q=75 256w, /_next/image?url=https%3A%2F%2Fi.pinimg.com%2F736x%2F50%2Fba%2F9f%2F50ba9f98aaf8f8ded4d576a6969668f0.jpg&w=384&q=75 384w, /_next/image?url=https%3A%2F%2Fi.pinimg.com%2F736x%2F50%2Fba%2F9f%2F50ba9f98aaf8f8ded4d576a6969668f0.jpg&w=640&q=75 640w, /_next/image?url=https%3A%2F%2Fi.pinimg.com%2F736x%2F50%2Fba%2F9f%2F50ba9f98aaf8f8ded4d576a6969668f0.jpg&w=750&q=75 750w, /_next/image?url=https%3A%2F%2Fi.pinimg.com%2F736x%2F50%2Fba%2F9f%2F50ba9f98aaf8f8ded4d576a6969668f0.jpg&w=828&q=75 828w, /_next/image?url=https%3A%2F%2Fi.pinimg.com%2F736x%2F50%2Fba%2F9f%2F50ba9f98aaf8f8ded4d576a6969668f0.jpg&w=1080&q=75 1080w, /_next/image?url=https%3A%2F%2Fi.pinimg.com%2F736x%2F50%2Fba%2F9f%2F50ba9f98aaf8f8ded4d576a6969668f0.jpg&w=1200&q=75 1200w, /_next/image?url=https%3A%2F%2Fi.pinimg.com%2F736x%2F50%2Fba%2F9f%2F50ba9f98aaf8f8ded4d576a6969668f0.jpg&w=1920&q=75 1920w, /_next/image?url=https%3A%2F%2Fi.pinimg.com%2F736x%2F50%2Fba%2F9f%2F50ba9f98aaf8f8ded4d576a6969668f0.jpg&w=2048&q=75 2048w, /_next/image?url=https%3A%2F%2Fi.pinimg.com%2F736x%2F50%2Fba%2F9f%2F50ba9f98aaf8f8ded4d576a6969668f0.jpg&w=3840&q=75 3840w"
          style="position: absolute; height: 100%; width: 100%; left: 0px; top: 0px; right: 0px; bottom: 0px; color: transparent;"
        />
        <div
          class="absolute right-3 top-3 flex items-center gap-3"
        >
          <a
            class="flex h-12 w-12 items-center justify-center rounded-full border-none bg-white p-3"
            href="https://holesky.etherscan.io/address/0x30de5ffc4be9864506336bc908481470611a6d93"
            rel="noreferrer"
            target="_blank"
          />
          <a
            class="flex h-12 w-12 items-center justify-center rounded-full border-none bg-white p-3"
            href="https://www.unicef.org/"
            rel="noreferrer"
            target="_blank"
          />
        </div>
      </div>
      <div
        class="mb-5 mt-6 max-md:mt-4"
      >
        <h3
          class="h3"
        >
          UNICEF
        </h3>
        <div
          class="mt-2 flex items-center gap-1 max-md:text-sm"
        >
          <span
            class="label-2 text-black/80"
          >
            United Kingdom
          </span>
        </div>
        <p
          class="mt-3 text-base text-muted max-md:text-sm"
        >
          UNICEF works in over 190 countries and territories to save children's lives to defend their rights and to help them fulfil their potential from early childhood through adolescence. And we never give up.
        </p>
      </div>
      <div
        class="mt-auto flex items-center justify-between rounded-sl bg-primary/20 pr-3 max-md:mt-4"
      >
        <a
          class="rounded-sl px-12 py-5 text-base transition-colors cursor-pointer font-semibold uppercase no-underline max-md:px-6 max-md:text-sm disabled:cursor-not-allowed bg-primary text-white border-none hover:bg-primary/90 disabled:bg-primary/70 max-md:py-4"
          href="/staking?ngo=1"
          id="stakeNDonateBtn1"
        >
          stake&donate
        </a>
        <div
          class="ml-1 flex grow items-center justify-center gap-1 text-base max-md:text-sm"
        >
          <span
            class="text-primary/50"
          >
            Total staked:
          </span>
          <span
            class="font-semibold text-primary"
          >
            0.0364
             stETH
          </span>
        </div>
      </div>
    </div>
  </div>,
  "debug": [Function],
  "findAllByAltText": [Function],
  "findAllByDisplayValue": [Function],
  "findAllByLabelText": [Function],
  "findAllByPlaceholderText": [Function],
  "findAllByRole": [Function],
  "findAllByTestId": [Function],
  "findAllByText": [Function],
  "findAllByTitle": [Function],
  "findByAltText": [Function],
  "findByDisplayValue": [Function],
  "findByLabelText": [Function],
  "findByPlaceholderText": [Function],
  "findByRole": [Function],
  "findByTestId": [Function],
  "findByText": [Function],
  "findByTitle": [Function],
  "getAllByAltText": [Function],
  "getAllByDisplayValue": [Function],
  "getAllByLabelText": [Function],
  "getAllByPlaceholderText": [Function],
  "getAllByRole": [Function],
  "getAllByTestId": [Function],
  "getAllByText": [Function],
  "getAllByTitle": [Function],
  "getByAltText": [Function],
  "getByDisplayValue": [Function],
  "getByLabelText": [Function],
  "getByPlaceholderText": [Function],
  "getByRole": [Function],
  "getByTestId": [Function],
  "getByText": [Function],
  "getByTitle": [Function],
  "queryAllByAltText": [Function],
  "queryAllByDisplayValue": [Function],
  "queryAllByLabelText": [Function],
  "queryAllByPlaceholderText": [Function],
  "queryAllByRole": [Function],
  "queryAllByTestId": [Function],
  "queryAllByText": [Function],
  "queryAllByTitle": [Function],
  "queryByAltText": [Function],
  "queryByDisplayValue": [Function],
  "queryByLabelText": [Function],
  "queryByPlaceholderText": [Function],
  "queryByRole": [Function],
  "queryByTestId": [Function],
  "queryByText": [Function],
  "queryByTitle": [Function],
  "rerender": [Function],
  "unmount": [Function],
}
`;
